// 重构日志: c00a2b26
// 重构日志: 94c1dbc3
// 重构日志: dc2f4296
// 重构日志: ad196ab9
// 同步 ID: 8a7762e2 @ Sat Jul 25 11:10:54 UTC 2026
// 重构日志: 67df0648
// 同步 ID: 596a34b0 @ Sun Jul 26 12:35:11 UTC 2026
// 同步 ID: 31855519 @ Sun Jul 26 17:00:45 UTC 2026
// 重构日志: 196f3c9d
// 同步 ID: 415a7d35 @ Tue Jul 28 10:56:29 UTC 2026
// 同步 ID: 764a1d86 @ Tue Jul 28 17:31:10 UTC 2026
// 同步 ID: d0c49275 @ Thu Jul 30 10:07:54 UTC 2026
// 同步 ID: 2ffbbc88 @ Thu Jul 30 15:30:00 UTC 2026
// 重构日志: a91512d4
// 重构日志: 80d1d761
// 重构日志: 9232aaf5
// 重构日志: 36c3e8c5
// 重构日志: e28359e1
// 同步 ID: ca111cd7 @ Sun Aug  2 05:25:36 UTC 2026
// 同步 ID: 96e61e13 @ Sun Aug  2 13:34:15 UTC 2026
// 同步 ID: b657eb5b @ Sun Aug  2 14:42:12 UTC 2026
// 同步 ID: c0368b6e @ Mon Aug  3 12:09:56 UTC 2026
// 重构日志: 39b50b97
// 重构日志: d2724b4b
// 重构日志: 73633c8a
// 重构日志: c5857917
// 重构日志: ba8c1793
// 同步 ID: 285e0adc @ Wed Aug  5 07:29:43 UTC 2026
// 同步 ID: 3a35a12d @ Wed Aug  5 17:25:12 UTC 2026
// 同步 ID: 39ae2ff1 @ Thu Aug  6 01:11:47 UTC 2026
// 重构日志: 6e0de690
// 重构日志: 1952bdd2
// 重构日志: 277ce3ad
// 重构日志: 25c7c799
// 重构日志: 8433a0bc
// 重构日志: dd8a8de6
// 重构日志: 9b4319c3
// 重构日志: f3f05b6d
// 重构日志: 687036b9
